// Jest Snapshot v1, https://goo.gl/fbAQLP

exports[` Snapshot Calculator app and nested componets 1`] = `
<div
  className="container"
>
  <h4
    className="text-center top-head pb-0"
  >
    <strong>
      Calculator App
    </strong>
  </h4>
  <h5
    className="text-center sub-head pt-0"
  >
    Built by Tanzila Abedin
  </h5>
  <div
    className="d-flex justify-content-center p-2"
    data-testid="wrapper"
  >
    <div
      className="wrapper"
    >
      <div
        className="display"
      >
        0
      </div>
      <div
        className="buttonPanel"
      >
        <button
          className=""
          data-testid="test-btn"
          onClick={[Function]}
          type="button"
        >
          AC
        </button>
        <button
          className=""
          data-testid="test-btn"
          onClick={[Function]}
          type="button"
        >
          +-
        </button>
        <button
          className=""
          data-testid="test-btn"
          onClick={[Function]}
          type="button"
        >
          %
        </button>
        <button
          className=""
          data-testid="test-btn"
          onClick={[Function]}
          type="button"
        >
          /
        </button>
        <button
          className=""
          data-testid="test-btn"
          onClick={[Function]}
          type="button"
        >
          7
        </button>
        <button
          className=""
          data-testid="test-btn"
          onClick={[Function]}
          type="button"
        >
          8
        </button>
        <button
          className=""
          data-testid="test-btn"
          onClick={[Function]}
          type="button"
        >
          9
        </button>
        <button
          className=""
          data-testid="test-btn"
          onClick={[Function]}
          type="button"
        >
          X
        </button>
        <button
          className=""
          data-testid="test-btn"
          onClick={[Function]}
          type="button"
        >
          4
        </button>
        <button
          className=""
          data-testid="test-btn"
          onClick={[Function]}
          type="button"
        >
          5
        </button>
        <button
          className=""
          data-testid="test-btn"
          onClick={[Function]}
          type="button"
        >
          6
        </button>
        <button
          className=""
          data-testid="test-btn"
          onClick={[Function]}
          type="button"
        >
          -
        </button>
        <button
          className=""
          data-testid="test-btn"
          onClick={[Function]}
          type="button"
        >
          1
        </button>
        <button
          className=""
          data-testid="test-btn"
          onClick={[Function]}
          type="button"
        >
          2
        </button>
        <button
          className=""
          data-testid="test-btn"
          onClick={[Function]}
          type="button"
        >
          3
        </button>
        <button
          className=""
          data-testid="test-btn"
          onClick={[Function]}
          type="button"
        >
          +
        </button>
        <button
          className=""
          data-testid="test-btn"
          onClick={[Function]}
          type="button"
        >
          0
        </button>
        <button
          className=""
          data-testid="test-btn"
          onClick={[Function]}
          type="button"
        >
          .
        </button>
        <button
          className="equals"
          data-testid="test-btn"
          onClick={[Function]}
          type="button"
        >
          =
        </button>
      </div>
    </div>
  </div>
</div>
`;
